Token           Lexeme         
-----------------------------------
Token: separator       Lexeme: $$              Line: 1
	line 1: <Rat25S> -> $$ <OptFunctionDefinitions> $$ <OptDeclarationList> $$ <StatementList> $$
	line 1: <OptFunctionDefinitions> -> <FunctionDefinitions>
	line 1: <FunctionDefinitions> -> <Function> [<FunctionDefinitions>]
	line 1: <Function> -> function id ( <OptParameterList> ) <OptDeclarationList> <Body>
Token: keyword         Lexeme: function        Line: 1
Token: identifier      Lexeme: convert         Line: 2
Token: separator       Lexeme: (               Line: 2
	line 2: <OptParameterList> -> <ParameterList>
	line 2: <ParameterList> -> <Parameter> [ , <ParameterList> ]
	line 2: <Parameter> -> <IDs> <Qualifier>
	line 2: <IDs> -> id [ , <IDs> ]
Token: identifier      Lexeme: fahr            Line: 2
	line 2: <Qualifier> -> integer | boolean | real
Token: keyword         Lexeme: integer         Line: 2
Token: separator       Lexeme: )               Line: 2
	line 2: <OptDeclarationList> -> epsilon
	line 2: <Body> -> { <StatementList> }
Token: separator       Lexeme: {               Line: 2
	line 3: <StatementList> -> <Statement> [<StatementList>]
	line 3: <Statement> -> <Return>
	line 3: <Return> -> return ; | return <Expression> ;
Token: keyword         Lexeme: return          Line: 3
	line 4: <Expression> -> <Term> <ExpressionPrime>
	line 4: <Term> -> <Factor> <TermPrime>
	line 4: <Factor> -> <Primary>
	line 4: <Primary> -> integer|real
Token: integer         Lexeme: 5               Line: 4
	line 4: <TermPrime> -> (*|/) <Factor> <TermPrime>
Token: operator        Lexeme: *               Line: 4
	line 4: <Factor> -> <Primary>
	line 4: <Primary> -> ( <Expression> )
Token: separator       Lexeme: (               Line: 4
	line 4: <Expression> -> <Term> <ExpressionPrime>
	line 4: <Term> -> <Factor> <TermPrime>
	line 4: <Factor> -> <Primary>
	line 4: <Primary> -> id
Token: identifier      Lexeme: fahr            Line: 4
	line 4: <TermPrime> -> epsilon
	line 4: <ExpressionPrime> -> (+|-) <Term> <ExpressionPrime>
Token: operator        Lexeme: -               Line: 4
	line 4: <Term> -> <Factor> <TermPrime>
	line 4: <Factor> -> <Primary>
	line 4: <Primary> -> integer|real
Token: integer         Lexeme: 32              Line: 4
	line 4: <TermPrime> -> epsilon
	line 4: <ExpressionPrime> -> epsilon
Token: separator       Lexeme: )               Line: 4
	line 4: <TermPrime> -> (*|/) <Factor> <TermPrime>
Token: operator        Lexeme: /               Line: 4
	line 4: <Factor> -> <Primary>
	line 4: <Primary> -> integer|real
Token: integer         Lexeme: 9               Line: 4
	line 4: <TermPrime> -> epsilon
	line 4: <ExpressionPrime> -> epsilon
Token: separator       Lexeme: ;               Line: 4
Token: separator       Lexeme: }               Line: 4
	line 5: <FunctionDefinitions> -> <Function> [<FunctionDefinitions>]
	line 5: <Function> -> function id ( <OptParameterList> ) <OptDeclarationList> <Body>
Token: keyword         Lexeme: function        Line: 5
Token: identifier      Lexeme: convertx        Line: 7
Token: separator       Lexeme: (               Line: 7
	line 7: <OptParameterList> -> <ParameterList>
	line 7: <ParameterList> -> <Parameter> [ , <ParameterList> ]
	line 7: <Parameter> -> <IDs> <Qualifier>
	line 7: <IDs> -> id [ , <IDs> ]
Token: identifier      Lexeme: x               Line: 7
	line 7: <Qualifier> -> integer | boolean | real
Token: keyword         Lexeme: real            Line: 7
Token: separator       Lexeme: ,               Line: 7
	line 7: <ParameterList> -> <Parameter> [ , <ParameterList> ]
	line 7: <Parameter> -> <IDs> <Qualifier>
	line 7: <IDs> -> id [ , <IDs> ]
Token: identifier      Lexeme: y               Line: 7
	line 7: <Qualifier> -> integer | boolean | real
Token: keyword         Lexeme: boolean         Line: 7
Token: separator       Lexeme: )               Line: 7
	line 7: <OptDeclarationList> -> <DeclarationList>
	line 7: <DeclarationList> -> <Declaration> ; [<DeclarationList>]
	line 7: <Declaration> -> <Qualifier> <IDs>
	line 7: <Qualifier> -> integer | boolean | real
Token: keyword         Lexeme: boolean         Line: 7
	line 8: <IDs> -> id [ , <IDs> ]
Token: identifier      Lexeme: k               Line: 8
Token: separator       Lexeme: ,               Line: 8
	line 8: <IDs> -> id [ , <IDs> ]
Token: identifier      Lexeme: z               Line: 8
Token: separator       Lexeme: ;               Line: 8
	line 8: <DeclarationList> -> <Declaration> ; [<DeclarationList>]
	line 8: <Declaration> -> <Qualifier> <IDs>
	line 8: <Qualifier> -> integer | boolean | real
Token: keyword         Lexeme: real            Line: 8
	line 9: <IDs> -> id [ , <IDs> ]
Token: identifier      Lexeme: x               Line: 9
Token: separator       Lexeme: ;               Line: 9
	line 9: <Body> -> { <StatementList> }
Token: separator       Lexeme: {               Line: 9
	line 10: <StatementList> -> <Statement> [<StatementList>]
	line 10: <Statement> -> <If>
	line 10: <If> -> if ( <Condition> ) <Statement> [else <Statement>] endif
Token: keyword         Lexeme: if              Line: 10
Token: separator       Lexeme: (               Line: 11
	line 11: <Condition> -> <Expression> <Relop> <Expression>
	line 11: <Expression> -> <Term> <ExpressionPrime>
	line 11: <Term> -> <Factor> <TermPrime>
	line 11: <Factor> -> <Primary>
	line 11: <Primary> -> id
Token: identifier      Lexeme: x               Line: 11
	line 11: <TermPrime> -> epsilon
	line 11: <ExpressionPrime> -> epsilon
	line 11: <Relop> -> == | != | > | < | <= | =>
Token: operator        Lexeme: >               Line: 11
	line 11: <Expression> -> <Term> <ExpressionPrime>
	line 11: <Term> -> <Factor> <TermPrime>
	line 11: <Factor> -> <Primary>
	line 11: <Primary> -> id
Token: identifier      Lexeme: y               Line: 11
	line 11: <TermPrime> -> epsilon
	line 11: <ExpressionPrime> -> epsilon
Token: separator       Lexeme: )               Line: 11
	line 11: <Statement> -> <Assign>
	line 11: <Assign> -> id = <Expression> ;
Token: identifier      Lexeme: x               Line: 11
Token: operator        Lexeme: =               Line: 12
	line 12: <Expression> -> <Term> <ExpressionPrime>
	line 12: <Term> -> <Factor> <TermPrime>
	line 12: <Factor> -> <Primary>
	line 12: <Primary> -> true|false
Token: keyword         Lexeme: false           Line: 12
	line 12: <TermPrime> -> epsilon
	line 12: <ExpressionPrime> -> epsilon
Token: separator       Lexeme: ;               Line: 12
Token: keyword         Lexeme: endif           Line: 12
	line 13: <Statement> -> <If>
	line 13: <If> -> if ( <Condition> ) <Statement> [else <Statement>] endif
Token: keyword         Lexeme: if              Line: 13
Token: separator       Lexeme: (               Line: 14
	line 14: <Condition> -> <Expression> <Relop> <Expression>
	line 14: <Expression> -> <Term> <ExpressionPrime>
	line 14: <Term> -> <Factor> <TermPrime>
	line 14: <Factor> -> <Primary>
	line 14: <Primary> -> id
Token: identifier      Lexeme: y               Line: 14
	line 14: <TermPrime> -> epsilon
	line 14: <ExpressionPrime> -> epsilon
	line 14: <Relop> -> == | != | > | < | <= | =>
Token: operator        Lexeme: !=              Line: 14
	line 14: <Expression> -> <Term> <ExpressionPrime>
	line 14: <Term> -> <Factor> <TermPrime>
	line 14: <Factor> -> <Primary>
	line 14: <Primary> -> id
Token: identifier      Lexeme: z               Line: 14
	line 14: <TermPrime> -> epsilon
	line 14: <ExpressionPrime> -> epsilon
Token: separator       Lexeme: )               Line: 14
	line 14: <Statement> -> <Assign>
	line 14: <Assign> -> id = <Expression> ;
Token: identifier      Lexeme: x               Line: 14
Token: operator        Lexeme: =               Line: 15
	line 15: <Expression> -> <Term> <ExpressionPrime>
	line 15: <Term> -> <Factor> <TermPrime>
	line 15: <Factor> -> <Primary>
	line 15: <Primary> -> true|false
Token: keyword         Lexeme: true            Line: 15
	line 15: <TermPrime> -> epsilon
	line 15: <ExpressionPrime> -> epsilon
Token: separator       Lexeme: ;               Line: 15
Token: keyword         Lexeme: else            Line: 15
	line 16: <Statement> -> <Assign>
	line 16: <Assign> -> id = <Expression> ;
Token: identifier      Lexeme: y               Line: 16
Token: operator        Lexeme: =               Line: 16
	line 16: <Expression> -> <Term> <ExpressionPrime>
	line 16: <Term> -> <Factor> <TermPrime>
	line 16: <Factor> -> <Primary>
	line 16: <Primary> -> integer|real
Token: real            Lexeme: 123.45          Line: 16
	line 16: <TermPrime> -> epsilon
	line 16: <ExpressionPrime> -> epsilon
Token: separator       Lexeme: ;               Line: 16
Token: keyword         Lexeme: endif           Line: 16
	line 17: <Statement> -> <Return>
	line 17: <Return> -> return ; | return <Expression> ;
Token: keyword         Lexeme: return          Line: 17
Token: separator       Lexeme: ;               Line: 18
Token: separator       Lexeme: }               Line: 18
Token: separator       Lexeme: $$              Line: 19
	line 20: <OptDeclarationList> -> <DeclarationList>
	line 20: <DeclarationList> -> <Declaration> ; [<DeclarationList>]
	line 20: <Declaration> -> <Qualifier> <IDs>
	line 20: <Qualifier> -> integer | boolean | real
Token: keyword         Lexeme: integer         Line: 20
	line 21: <IDs> -> id [ , <IDs> ]
Token: identifier      Lexeme: low             Line: 21
Token: separator       Lexeme: ,               Line: 21
	line 21: <IDs> -> id [ , <IDs> ]
Token: identifier      Lexeme: high            Line: 21
Token: separator       Lexeme: ,               Line: 21
	line 21: <IDs> -> id [ , <IDs> ]
Token: identifier      Lexeme: step            Line: 21
Token: separator       Lexeme: ;               Line: 21
	line 21: <DeclarationList> -> <Declaration> ; [<DeclarationList>]
	line 21: <Declaration> -> <Qualifier> <IDs>
	line 21: <Qualifier> -> integer | boolean | real
Token: keyword         Lexeme: real            Line: 21
	line 22: <IDs> -> id [ , <IDs> ]
Token: identifier      Lexeme: hi              Line: 22
Token: separator       Lexeme: ;               Line: 22
Token: separator       Lexeme: $$              Line: 22
	line 23: <StatementList> -> <Statement> [<StatementList>]
	line 23: <Statement> -> <Scan>
	line 23: <Scan> -> scan ( <IDs> ) ;
Token: keyword         Lexeme: scan            Line: 23
Token: separator       Lexeme: (               Line: 24
	line 24: <IDs> -> id [ , <IDs> ]
Token: identifier      Lexeme: low             Line: 24
Token: separator       Lexeme: ,               Line: 24
	line 24: <IDs> -> id [ , <IDs> ]
Token: identifier      Lexeme: high            Line: 24
Token: separator       Lexeme: ,               Line: 24
	line 24: <IDs> -> id [ , <IDs> ]
Token: identifier      Lexeme: step            Line: 24
Token: separator       Lexeme: )               Line: 24
Token: separator       Lexeme: ;               Line: 24
	line 24: <Statement> -> <While>
	line 24: <While> -> while ( <Condition> ) <Statement> endwhile
Token: keyword         Lexeme: while           Line: 24
Token: separator       Lexeme: (               Line: 25
	line 25: <Condition> -> <Expression> <Relop> <Expression>
	line 25: <Expression> -> <Term> <ExpressionPrime>
	line 25: <Term> -> <Factor> <TermPrime>
	line 25: <Factor> -> <Primary>
	line 25: <Primary> -> id
Token: identifier      Lexeme: low             Line: 25
	line 25: <TermPrime> -> epsilon
	line 25: <ExpressionPrime> -> epsilon
	line 25: <Relop> -> == | != | > | < | <= | =>
Token: operator        Lexeme: <=              Line: 25
	line 25: <Expression> -> <Term> <ExpressionPrime>
	line 25: <Term> -> <Factor> <TermPrime>
	line 25: <Factor> -> <Primary>
	line 25: <Primary> -> id
Token: identifier      Lexeme: high            Line: 25
	line 25: <TermPrime> -> epsilon
	line 25: <ExpressionPrime> -> epsilon
Token: separator       Lexeme: )               Line: 25
	line 25: <Statement> -> <Compound>
	line 25: <Compound> -> { <StatementList> }
Token: separator       Lexeme: {               Line: 25
	line 26: <StatementList> -> <Statement> [<StatementList>]
	line 26: <Statement> -> <Print>
	line 26: <Print> -> print ( <Expression> ) ;
Token: keyword         Lexeme: print           Line: 26
Token: separator       Lexeme: (               Line: 26
	line 26: <Expression> -> <Term> <ExpressionPrime>
	line 26: <Term> -> <Factor> <TermPrime>
	line 26: <Factor> -> <Primary>
	line 26: <Primary> -> id ( <IDs> )
Token: identifier      Lexeme: convertx        Line: 26
Token: separator       Lexeme: (               Line: 26
	line 26: <IDs> -> id [ , <IDs> ]
Token: identifier      Lexeme: low             Line: 26
Token: separator       Lexeme: )               Line: 26
	line 26: <TermPrime> -> epsilon
	line 26: <ExpressionPrime> -> epsilon
Token: separator       Lexeme: )               Line: 26
Token: separator       Lexeme: ;               Line: 26
	line 26: <Statement> -> <Assign>
	line 26: <Assign> -> id = <Expression> ;
Token: identifier      Lexeme: low             Line: 26
Token: operator        Lexeme: =               Line: 27
	line 27: <Expression> -> <Term> <ExpressionPrime>
	line 27: <Term> -> <Factor> <TermPrime>
	line 27: <Factor> -> <Primary>
	line 27: <Primary> -> id
Token: identifier      Lexeme: low             Line: 27
	line 27: <TermPrime> -> epsilon
	line 27: <ExpressionPrime> -> (+|-) <Term> <ExpressionPrime>
Token: operator        Lexeme: +               Line: 27
	line 27: <Term> -> <Factor> <TermPrime>
	line 27: <Factor> -> <Primary>
	line 27: <Primary> -> id
Token: identifier      Lexeme: step            Line: 27
	line 27: <TermPrime> -> epsilon
	line 27: <ExpressionPrime> -> epsilon
Token: separator       Lexeme: ;               Line: 27
Token: separator       Lexeme: }               Line: 27
Token: keyword         Lexeme: endwhile        Line: 28
Token: separator       Lexeme: $$              Line: 29
