Token           Lexeme         
-----------------------------------
    <Rat25S> -> $$ <OptFunctionDefinitions> $$ <OptDeclarationList> $$ <StatementList> $$
Token: separator       Lexeme: $$
    <OptFunctionDefinitions> -> <FunctionDefinitions>
    <FunctionDefinitions> -> <Function> [<FunctionDefinitions>]
    <Function> -> function id ( <OptParameterList> ) <OptDeclarationList> <Body>
Token: keyword         Lexeme: function
Token: identifier      Lexeme: convertx
Token: separator       Lexeme: (
    <OptParameterList> -> <ParameterList>
    <ParameterList> -> <Parameter> [ , <ParameterList> ]
    <Parameter> -> <IDs> <Qualifier>
    <IDs> -> id [ , <IDs> ]
Token: identifier      Lexeme: fahr
    <Qualifier> -> integer | boolean | real
Token: keyword         Lexeme: integer
Token: separator       Lexeme: )
    <OptDeclarationList> -> epsilon
    <Body> -> { <StatementList> }
Token: separator       Lexeme: {
    <StatementList> -> <Statement> [<StatementList>]
    <Statement> -> <Return>
    <Return> -> return ; | return <Expression> ;
Token: keyword         Lexeme: return
    <Expression> -> <Term> <ExpressionPrime>
    <Term> -> <Factor> <TermPrime>
    <Factor> -> <Primary>
    <Primary> -> integer|real
Token: integer         Lexeme: 5
    <TermPrime> -> (*|/) <Factor> <TermPrime>
Token: operator        Lexeme: *
    <Factor> -> <Primary>
    <Primary> -> ( <Expression> )
Token: separator       Lexeme: (
    <Expression> -> <Term> <ExpressionPrime>
    <Term> -> <Factor> <TermPrime>
    <Factor> -> <Primary>
    <Primary> -> id
Token: identifier      Lexeme: fahr
    <TermPrime> -> epsilon
    <ExpressionPrime> -> (+|-) <Term> <ExpressionPrime>
Token: operator        Lexeme: -
    <Term> -> <Factor> <TermPrime>
    <Factor> -> <Primary>
    <Primary> -> integer|real
Token: integer         Lexeme: 32
    <TermPrime> -> epsilon
    <ExpressionPrime> -> epsilon
Token: separator       Lexeme: )
    <TermPrime> -> (*|/) <Factor> <TermPrime>
Token: operator        Lexeme: /
    <Factor> -> <Primary>
    <Primary> -> integer|real
Token: integer         Lexeme: 9
    <TermPrime> -> epsilon
    <ExpressionPrime> -> epsilon
Token: separator       Lexeme: ;
Token: separator       Lexeme: }
Token: separator       Lexeme: $$
    <OptDeclarationList> -> <DeclarationList>
    <DeclarationList> -> <Declaration> ; [<DeclarationList>]
    <Declaration> -> <Qualifier> <IDs>
    <Qualifier> -> integer | boolean | real
Token: keyword         Lexeme: integer
    <IDs> -> id [ , <IDs> ]
Token: identifier      Lexeme: low
Token: separator       Lexeme: ,
    <IDs> -> id [ , <IDs> ]
Token: identifier      Lexeme: high
Token: separator       Lexeme: ,
    <IDs> -> id [ , <IDs> ]
Token: identifier      Lexeme: step
Token: separator       Lexeme: ;
Token: separator       Lexeme: $$
    <StatementList> -> <Statement> [<StatementList>]
    <Statement> -> <Scan>
    <Scan> -> scan ( <IDs> ) ;
Token: keyword         Lexeme: scan
Token: separator       Lexeme: (
    <IDs> -> id [ , <IDs> ]
Token: identifier      Lexeme: low
Token: separator       Lexeme: ,
    <IDs> -> id [ , <IDs> ]
Token: identifier      Lexeme: high
Token: separator       Lexeme: ,
    <IDs> -> id [ , <IDs> ]
Token: identifier      Lexeme: step
Token: separator       Lexeme: )
Token: separator       Lexeme: ;
    <Statement> -> <While>
    <While> -> while ( <Condition> ) <Statement> endwhile
Token: keyword         Lexeme: while
Token: separator       Lexeme: (
    <Condition> -> <Expression> <Relop> <Expression>
    <Expression> -> <Term> <ExpressionPrime>
    <Term> -> <Factor> <TermPrime>
    <Factor> -> <Primary>
    <Primary> -> id
Token: identifier      Lexeme: low
    <TermPrime> -> epsilon
    <ExpressionPrime> -> epsilon
    <Relop> -> == | != | > | < | <= | =>
Token: operator        Lexeme: <=
    <Expression> -> <Term> <ExpressionPrime>
    <Term> -> <Factor> <TermPrime>
    <Factor> -> <Primary>
    <Primary> -> id
Token: identifier      Lexeme: high
    <TermPrime> -> epsilon
    <ExpressionPrime> -> epsilon
Token: separator       Lexeme: )
    <Statement> -> <Compound>
    <Compound> -> { <StatementList> }
Token: separator       Lexeme: {
    <StatementList> -> <Statement> [<StatementList>]
    <Statement> -> <Print>
    <Print> -> print ( <Expression> ) ;
Token: keyword         Lexeme: print
Token: separator       Lexeme: (
    <Expression> -> <Term> <ExpressionPrime>
    <Term> -> <Factor> <TermPrime>
    <Factor> -> <Primary>
    <Primary> -> id
Token: identifier      Lexeme: low
    <TermPrime> -> epsilon
    <ExpressionPrime> -> epsilon
Token: separator       Lexeme: )
Token: separator       Lexeme: ;
    <Statement> -> <Print>
    <Print> -> print ( <Expression> ) ;
Token: keyword         Lexeme: print
Token: separator       Lexeme: (
    <Expression> -> <Term> <ExpressionPrime>
    <Term> -> <Factor> <TermPrime>
    <Factor> -> <Primary>
    <Primary> -> id ( <IDs> )
Token: identifier      Lexeme: convertx
Token: separator       Lexeme: (
    <IDs> -> id [ , <IDs> ]
Token: identifier      Lexeme: low
Token: separator       Lexeme: )
    <TermPrime> -> epsilon
    <ExpressionPrime> -> epsilon
Token: separator       Lexeme: )
Token: separator       Lexeme: ;
    <Statement> -> <Assign>
    <Assign> -> id = <Expression> ;
Token: identifier      Lexeme: low
Token: operator        Lexeme: =
    <Expression> -> <Term> <ExpressionPrime>
    <Term> -> <Factor> <TermPrime>
    <Factor> -> <Primary>
    <Primary> -> id
Token: identifier      Lexeme: low
    <TermPrime> -> epsilon
    <ExpressionPrime> -> (+|-) <Term> <ExpressionPrime>
Token: operator        Lexeme: +
    <Term> -> <Factor> <TermPrime>
    <Factor> -> <Primary>
    <Primary> -> id
Token: identifier      Lexeme: step
    <TermPrime> -> epsilon
    <ExpressionPrime> -> epsilon
Token: separator       Lexeme: ;
Token: separator       Lexeme: }
Token: keyword         Lexeme: endwhile
Token: separator       Lexeme: $$
Token: eof             Lexeme: 
